Archive member included to satisfy reference by file (symbol)

c:/program files (x86)/atmel/studio/7.0/toolchain/arm/arm-gnu-toolchain/bin/../lib/gcc/arm-none-eabi/6.3.1/thumb/v6-m\libgcc.a(_udivsi3.o)
                              ff.o (__aeabi_uidiv)
c:/program files (x86)/atmel/studio/7.0/toolchain/arm/arm-gnu-toolchain/bin/../lib/gcc/arm-none-eabi/6.3.1/thumb/v6-m\libgcc.a(_divsi3.o)
                              SD.o (__aeabi_idiv)
c:/program files (x86)/atmel/studio/7.0/toolchain/arm/arm-gnu-toolchain/bin/../lib/gcc/arm-none-eabi/6.3.1/thumb/v6-m\libgcc.a(_dvmd_tls.o)
                              c:/program files (x86)/atmel/studio/7.0/toolchain/arm/arm-gnu-toolchain/bin/../lib/gcc/arm-none-eabi/6.3.1/thumb/v6-m\libgcc.a(_udivsi3.o) (__aeabi_idiv0)
c:/program files (x86)/atmel/studio/7.0/toolchain/arm/arm-gnu-toolchain/bin/../lib/gcc/arm-none-eabi/6.3.1/thumb/v6-m\libgcc.a(_aeabi_uldivmod.o)
                              USART3.o (__aeabi_uldivmod)
c:/program files (x86)/atmel/studio/7.0/toolchain/arm/arm-gnu-toolchain/bin/../lib/gcc/arm-none-eabi/6.3.1/thumb/v6-m\libgcc.a(_udivmoddi4.o)
                              c:/program files (x86)/atmel/studio/7.0/toolchain/arm/arm-gnu-toolchain/bin/../lib/gcc/arm-none-eabi/6.3.1/thumb/v6-m\libgcc.a(_aeabi_uldivmod.o) (__udivmoddi4)
c:/program files (x86)/atmel/studio/7.0/toolchain/arm/arm-gnu-toolchain/bin/../lib/gcc/arm-none-eabi/6.3.1/thumb/v6-m\libgcc.a(_clzdi2.o)
                              c:/program files (x86)/atmel/studio/7.0/toolchain/arm/arm-gnu-toolchain/bin/../lib/gcc/arm-none-eabi/6.3.1/thumb/v6-m\libgcc.a(_udivmoddi4.o) (__clzdi2)
c:/program files (x86)/atmel/studio/7.0/toolchain/arm/arm-gnu-toolchain/bin/../lib/gcc/arm-none-eabi/6.3.1/thumb/v6-m\libgcc.a(_clzsi2.o)
                              c:/program files (x86)/atmel/studio/7.0/toolchain/arm/arm-gnu-toolchain/bin/../lib/gcc/arm-none-eabi/6.3.1/thumb/v6-m\libgcc.a(_clzdi2.o) (__clzsi2)
c:/program files (x86)/atmel/studio/7.0/toolchain/arm/arm-gnu-toolchain/bin/../lib/gcc/arm-none-eabi/6.3.1/../../../../arm-none-eabi/lib/thumb/v6-m\libc.a(lib_a-exit.o)
                              c:/program files (x86)/atmel/studio/7.0/toolchain/arm/arm-gnu-toolchain/bin/../lib/gcc/arm-none-eabi/6.3.1/../../../../arm-none-eabi/lib/thumb/v6-m/crt0.o (exit)
c:/program files (x86)/atmel/studio/7.0/toolchain/arm/arm-gnu-toolchain/bin/../lib/gcc/arm-none-eabi/6.3.1/../../../../arm-none-eabi/lib/thumb/v6-m\libc.a(lib_a-impure.o)
                              c:/program files (x86)/atmel/studio/7.0/toolchain/arm/arm-gnu-toolchain/bin/../lib/gcc/arm-none-eabi/6.3.1/../../../../arm-none-eabi/lib/thumb/v6-m\libc.a(lib_a-exit.o) (_global_impure_ptr)
c:/program files (x86)/atmel/studio/7.0/toolchain/arm/arm-gnu-toolchain/bin/../lib/gcc/arm-none-eabi/6.3.1/../../../../arm-none-eabi/lib/thumb/v6-m\libc.a(lib_a-init.o)
                              c:/program files (x86)/atmel/studio/7.0/toolchain/arm/arm-gnu-toolchain/bin/../lib/gcc/arm-none-eabi/6.3.1/../../../../arm-none-eabi/lib/thumb/v6-m/crt0.o (__libc_init_array)
c:/program files (x86)/atmel/studio/7.0/toolchain/arm/arm-gnu-toolchain/bin/../lib/gcc/arm-none-eabi/6.3.1/../../../../arm-none-eabi/lib/thumb/v6-m\libc.a(lib_a-memset.o)
                              c:/program files (x86)/atmel/studio/7.0/toolchain/arm/arm-gnu-toolchain/bin/../lib/gcc/arm-none-eabi/6.3.1/../../../../arm-none-eabi/lib/thumb/v6-m/crt0.o (memset)
c:/program files (x86)/atmel/studio/7.0/toolchain/arm/arm-gnu-toolchain/bin/../lib/gcc/arm-none-eabi/6.3.1/../../../../arm-none-eabi/lib/thumb/v6-m\libc.a(lib_a-__call_atexit.o)
                              c:/program files (x86)/atmel/studio/7.0/toolchain/arm/arm-gnu-toolchain/bin/../lib/gcc/arm-none-eabi/6.3.1/../../../../arm-none-eabi/lib/thumb/v6-m\libc.a(lib_a-exit.o) (__call_exitprocs)
c:/program files (x86)/atmel/studio/7.0/toolchain/arm/arm-gnu-toolchain/bin/../lib/gcc/arm-none-eabi/6.3.1/../../../../arm-none-eabi/lib/thumb/v6-m\libc.a(lib_a-atexit.o)
                              c:/program files (x86)/atmel/studio/7.0/toolchain/arm/arm-gnu-toolchain/bin/../lib/gcc/arm-none-eabi/6.3.1/../../../../arm-none-eabi/lib/thumb/v6-m\libc.a(lib_a-__call_atexit.o) (atexit)
c:/program files (x86)/atmel/studio/7.0/toolchain/arm/arm-gnu-toolchain/bin/../lib/gcc/arm-none-eabi/6.3.1/../../../../arm-none-eabi/lib/thumb/v6-m\libc.a(lib_a-fini.o)
                              c:/program files (x86)/atmel/studio/7.0/toolchain/arm/arm-gnu-toolchain/bin/../lib/gcc/arm-none-eabi/6.3.1/../../../../arm-none-eabi/lib/thumb/v6-m\libc.a(lib_a-__call_atexit.o) (__libc_fini_array)
c:/program files (x86)/atmel/studio/7.0/toolchain/arm/arm-gnu-toolchain/bin/../lib/gcc/arm-none-eabi/6.3.1/../../../../arm-none-eabi/lib/thumb/v6-m\libc.a(lib_a-lock.o)
[...]
Memory Configuration

Name             Origin             Length             Attributes
rom              0x00000000         0x00040000         xr
ram              0x20000000         0x00008000         xrw
*default*        0x00000000         0xffffffff

Linker script and memory map

LOAD c:/program files (x86)/atmel/studio/7.0/toolchain/arm/arm-gnu-toolchain/bin/../lib/gcc/arm-none-eabi/6.3.1/thumb/v6-m/crti.o
LOAD c:/program files (x86)/atmel/studio/7.0/toolchain/arm/arm-gnu-toolchain/bin/../lib/gcc/arm-none-eabi/6.3.1/thumb/v6-m/crtbegin.o
LOAD c:/program files (x86)/atmel/studio/7.0/toolchain/arm/arm-gnu-toolchain/bin/../lib/gcc/arm-none-eabi/6.3.1/../../../../arm-none-eabi/lib/thumb/v6-m/crt0.o
LOAD app.o
LOAD clock.o
LOAD delay.o
LOAD Device_Startup/startup_samd21.o
LOAD Device_Startup/system_samd21.o
LOAD diskio.o
LOAD ff.o
LOAD main.o
LOAD SD.o
LOAD SPI.o
LOAD USART3.o
START GROUP
LOAD c:/program files (x86)/atmel/studio/7.0/toolchain/arm/arm-gnu-toolchain/bin/../lib/gcc/arm-none-eabi/6.3.1/../../../../arm-none-eabi/lib/thumb/v6-m\libm.a
END GROUP
Address of section .text set to 0x2000
START GROUP
LOAD c:/program files (x86)/atmel/studio/7.0/toolchain/arm/arm-gnu-toolchain/bin/../lib/gcc/arm-none-eabi/6.3.1/thumb/v6-m\libgcc.a
LOAD c:/program files (x86)/atmel/studio/7.0/toolchain/arm/arm-gnu-toolchain/bin/../lib/gcc/arm-none-eabi/6.3.1/../../../../arm-none-eabi/lib/thumb/v6-m\libc.a
END GROUP
LOAD c:/program files (x86)/atmel/studio/7.0/toolchain/arm/arm-gnu-toolchain/bin/../lib/gcc/arm-none-eabi/6.3.1/thumb/v6-m/crtend.o
LOAD c:/program files (x86)/atmel/studio/7.0/toolchain/arm/arm-gnu-toolchain/bin/../lib/gcc/arm-none-eabi/6.3.1/thumb/v6-m/crtn.o
                0x00002000                STACK_SIZE = DEFINED (STACK_SIZE)?STACK_SIZE:DEFINED (__stack_size__)?__stack_size__:0x2000

.text           0x00002000     0x34f8
                0x00002000                . = ALIGN (0x4)
                0x00002000                _sfixed = .
 *(.vectors .vectors.*)
 .vectors       0x00002000       0xb4 Device_Startup/startup_samd21.o
                0x00002000                exception_table
 *(.text .text.* .gnu.linkonce.t.*)
 .text          0x000020b4       0x60 c:/program files (x86)/atmel/studio/7.0/toolchain/arm/arm-gnu-toolchain/bin/../lib/gcc/arm-none-eabi/6.3.1/thumb/v6-m/crtbegin.o
 .text.AppInit  0x00002114       0x70 app.o
                0x00002114                AppInit
 .text.AppRun   0x00002184      0x14c app.o
                0x00002184                AppRun
 .text.ClocksInit
                0x000022d0      0x170 clock.o
                0x000022d0                ClocksInit
 .text.delay_n_cycles
                0x00002440        0xc delay.o
                0x00002440                delay_n_cycles
 .text.Dummy_Handler
                0x0000244c        0x2 Device_Startup/startup_samd21.o
                0x0000244c                SVCall_Handler
                0x0000244c                DMAC_Handler
                0x0000244c                HardFault_Handler
                0x0000244c                AC_Handler
                0x0000244c                SysTick_Handler
                0x0000244c                PendSV_Handler
                0x0000244c                TC7_Handler
                0x0000244c                SERCOM1_Handler
                0x0000244c                ADC_Handler
                0x0000244c                NonMaskableInt_Handler
                0x0000244c                TCC1_Handler
                0x0000244c                SERCOM2_Handler
                0x0000244c                TCC0_Handler
                0x0000244c                RTC_Handler
                0x0000244c                EIC_Handler
                0x0000244c                TC6_Handler
                0x0000244c                WDT_Handler
                0x0000244c                TC4_Handler
                0x0000244c                USB_Handler
                0x0000244c                TC3_Handler
                0x0000244c                Dummy_Handler
                0x0000244c                PM_Handler
                0x0000244c                SERCOM5_Handler
                0x0000244c                TCC2_Handler
                0x0000244c                EVSYS_Handler
                0x0000244c                SERCOM3_Handler
                0x0000244c                SERCOM4_Handler
                0x0000244c                I2S_Handler
                0x0000244c                NVMCTRL_Handler
                0x0000244c                SERCOM0_Handler
                0x0000244c                DAC_Handler
                0x0000244c                PTC_Handler
                0x0000244c                TC5_Handler
                0x0000244c                SYSCTRL_Handler
 *fill*         0x0000244e        0x2 
 .text.Reset_Handler
                0x00002450       0xc4 Device_Startup/startup_samd21.o
                0x00002450                Reset_Handler
 .text.disk_status
                0x00002514        0xc diskio.o
                0x00002514                disk_status
 .text.disk_initialize
                0x00002520       0x20 diskio.o
                0x00002520                disk_initialize
 .text.disk_read
                0x00002540       0x4c diskio.o
                0x00002540                disk_read
 .text.disk_write
                0x0000258c       0x58 diskio.o
                0x0000258c                disk_write
 .text.disk_ioctl
                0x000025e4      0x10c diskio.o
                0x000025e4                disk_ioctl
 .text.get_fattime
                0x000026f0        0x4 diskio.o
                0x000026f0                get_fattime
 .text.mem_cpy  0x000026f4       0x14 ff.o
 .text.mem_set  0x00002708       0x10 ff.o
 .text.mem_cmp  0x00002718       0x24 ff.o
 .text.chk_chr  0x0000273c       0x12 ff.o
 .text.ld_clust
                0x0000274e       0x22 ff.o
 .text.st_clust
                0x00002770       0x12 ff.o
 *fill*         0x00002782        0x2 
 .text.create_name
                0x00002784      0x18c ff.o
 .text.get_ldnumber
                0x00002910       0x52 ff.o
 *fill*         0x00002962        0x2 
 .text.sync_window
                0x00002964       0x68 ff.o
 .text.move_window
                0x000029cc       0x40 ff.o
 .text.check_fs
                0x00002a0c       0x98 ff.o
 .text.validate
                0x00002aa4       0x40 ff.o
 .text.find_volume
                0x00002ae4      0x3dc ff.o
 .text.sync_fs  0x00002ec0       0xfc ff.o
 .text.clust2sect
                0x00002fbc       0x18 ff.o
                0x00002fbc                clust2sect
 .text.get_fat  0x00002fd4       0xfc ff.o
                0x00002fd4                get_fat
 .text.dir_sdi  0x000030d0       0xa4 ff.o
 .text.put_fat  0x00003174      0x13c ff.o
                0x00003174                put_fat
 .text.create_chain
                0x000032b0       0xc0 ff.o
 .text.dir_next
                0x00003370      0x128 ff.o
 .text.dir_find
                0x00003498       0x5c ff.o
 .text.follow_path
                0x000034f4       0x84 ff.o
 .text.dir_alloc
                0x00003578       0x58 ff.o
 .text.dir_register
                0x000035d0       0x4c ff.o
 .text.remove_chain
                0x0000361c       0x6c ff.o
 .text.f_mount  0x00003688       0x64 ff.o
                0x00003688                f_mount
 .text.f_open   0x000036ec      0x18c ff.o
                0x000036ec                f_open
 .text.f_read   0x00003878      0x1b0 ff.o
                0x00003878                f_read
 .text.f_write  0x00003a28      0x1f0 ff.o
                0x00003a28                f_write
 .text.f_sync   0x00003c18       0xb0 ff.o
                0x00003c18                f_sync
 .text.f_close  0x00003cc8       0x28 ff.o
                0x00003cc8                f_close
 .text.f_gets   0x00003cf0       0x54 ff.o
                0x00003cf0                f_gets
 .text.main     0x00003d44       0x14 main.o
                0x00003d44                main
 .text.SDCard_InitSpeed
                0x00003d58        0xc SD.o
                0x00003d58                SDCard_InitSpeed
 .text.SDCard_RunSpeed
                0x00003d64        0xc SD.o
                0x00003d64                SDCard_RunSpeed
 .text.SDCard_SS
                0x00003d70       0x1c SD.o
                0x00003d70                SDCard_SS
 .text.SDCard_WaitRead
                0x00003d8c       0x24 SD.o
                0x00003d8c                SDCard_WaitRead
 .text.itoa     0x00003db0       0x60 SD.o
                0x00003db0                itoa
 .text.SDCard_WriteCmd
                0x00003e10       0xf0 SD.o
                0x00003e10                SDCard_WriteCmd
 .text.SDCard_Init
                0x00003f00      0x24c SD.o
                0x00003f00                SDCard_Init
 .text.SDCard_CardID
                0x0000414c       0x38 SD.o
                0x0000414c                SDCard_CardID
 .text.SDCard_ReadSingleBlock
                0x00004184       0xc8 SD.o
                0x00004184                SDCard_ReadSingleBlock
 .text.SDCard_ReadMultipleBlock
                0x0000424c       0x8c SD.o
                0x0000424c                SDCard_ReadMultipleBlock
 .text.SDCard_WriteSingleBlock
                0x000042d8       0xe4 SD.o
                0x000042d8                SDCard_WriteSingleBlock
 .text.SDCard_WriteMultipleBlock
                0x000043bc       0xec SD.o
                0x000043bc                SDCard_WriteMultipleBlock
 .text.SPI_Initialize_Fast
                0x000044a8       0xe4 SPI.o
                0x000044a8                SPI_Initialize_Fast
 .text.SPI_Initialize_Slow
                0x0000458c       0xe4 SPI.o
                0x0000458c                SPI_Initialize_Slow
 .text.SPI_Exchange8bit
                0x00004670       0x20 SPI.o
                0x00004670                SPI_Exchange8bit
 .text.SPI_SD_Send_Byte
                0x00004690        0xc SPI.o
                0x00004690                SPI_SD_Send_Byte
 .text.SPI_SD_Read_Byte
                0x0000469c       0x10 SPI.o
                0x0000469c                SPI_SD_Read_Byte
 .text.UART3_Init
                0x000046ac       0xac USART3.o
                0x000046ac                UART3_Init
 .text.UART3_Write
                0x00004758       0x18 USART3.o
                0x00004758                UART3_Write
 .text.UART3_Write_Text
                0x00004770       0x1c USART3.o
                0x00004770                UART3_Write_Text
 .text          0x0000478c      0x114 c:/program files (x86)/atmel/studio/7.0/toolchain/arm/arm-gnu-toolchain/bin/../lib/gcc/arm-none-eabi/6.3.1/thumb/v6-m\libgcc.a(_udivsi3.o)
                0x0000478c                __aeabi_uidiv
                0x0000478c                __udivsi3
                0x00004898                __aeabi_uidivmod
 .text          0x000048a0      0x1d4 c:/program files (x86)/atmel/studio/7.0/toolchain/arm/arm-gnu-toolchain/bin/../lib/gcc/arm-none-eabi/6.3.1/thumb/v6-m\libgcc.a(_divsi3.o)
                0x000048a0                __divsi3
                0x000048a0                __aeabi_idiv
                0x00004a6c                __aeabi_idivmod
 .text          0x00004a74        0x4 c:/program files (x86)/atmel/studio/7.0/toolchain/arm/arm-gnu-toolchain/bin/../lib/gcc/arm-none-eabi/6.3.1/thumb/v6-m\libgcc.a(_dvmd_tls.o)
                0x00004a74                __aeabi_idiv0
                0x00004a74                __aeabi_ldiv0
 .text          0x00004a78       0x40 c:/program files (x86)/atmel/studio/7.0/toolchain/arm/arm-gnu-toolchain/bin/../lib/gcc/arm-none-eabi/6.3.1/thumb/v6-m\libgcc.a(_aeabi_uldivmod.o)
                0x00004a78                __aeabi_uldivmod
 .text          0x00004ab8      0x180 c:/program files (x86)/atmel/studio/7.0/toolchain/arm/arm-gnu-toolchain/bin/../lib/gcc/arm-none-eabi/6.3.1/thumb/v6-m\libgcc.a(_udivmoddi4.o)
                0x00004ab8                __udivmoddi4
 .text          0x00004c38       0x18 c:/program files (x86)/atmel/studio/7.0/toolchain/arm/arm-gnu-toolchain/bin/../lib/gcc/arm-none-eabi/6.3.1/thumb/v6-m\libgcc.a(_clzdi2.o)
                0x00004c38                __clzdi2
 .text          0x00004c50       0x3c c:/program files (x86)/atmel/studio/7.0/toolchain/arm/arm-gnu-toolchain/bin/../lib/gcc/arm-none-eabi/6.3.1/thumb/v6-m\libgcc.a(_clzsi2.o)
                0x00004c50                __clzsi2
 .text.__libc_init_array
                0x00004c8c       0x48 c:/program files (x86)/atmel/studio/7.0/toolchain/arm/arm-gnu-toolchain/bin/../lib/gcc/arm-none-eabi/6.3.1/../../../../arm-none-eabi/lib/thumb/v6-m\libc.a(lib_a-init.o)
                0x00004c8c                __libc_init_array
 .text.startup.register_fini
                0x00004cd4       0x18 c:/program files (x86)/atmel/studio/7.0/toolchain/arm/arm-gnu-toolchain/bin/../lib/gcc/arm-none-eabi/6.3.1/../../../../arm-none-eabi/lib/thumb/v6-m\libc.a(lib_a-__call_atexit.o)
 .text.atexit   0x00004cec       0x10 c:/program files (x86)/atmel/studio/7.0/toolchain/arm/arm-gnu-toolchain/bin/../lib/gcc/arm-none-eabi/6.3.1/../../../../arm-none-eabi/lib/thumb/v6-m\libc.a(lib_a-atexit.o)
                0x00004cec                atexit
 .text.__libc_fini_array
                0x00004cfc       0x34 c:/program files (x86)/atmel/studio/7.0/toolchain/arm/arm-gnu-toolchain/bin/../lib/gcc/arm-none-eabi/6.3.1/../../../../arm-none-eabi/lib/thumb/v6-m\libc.a(lib_a-fini.o)
                0x00004cfc                __libc_fini_array
 .text.__retarget_lock_acquire_recursive
                0x00004d30        0x4 c:/program files (x86)/atmel/studio/7.0/toolchain/arm/arm-gnu-toolchain/bin/../lib/gcc/arm-none-eabi/6.3.1/../../../../arm-none-eabi/lib/thumb/v6-m\libc.a(lib_a-lock.o)
                0x00004d30                __retarget_lock_acquire_recursive
 .text.__retarget_lock_release_recursive
                0x00004d34        0x4 c:/program files (x86)/atmel/studio/7.0/toolchain/arm/arm-gnu-toolchain/bin/../lib/gcc/arm-none-eabi/6.3.1/../../../../arm-none-eabi/lib/thumb/v6-m\libc.a(lib_a-lock.o)
                0x00004d34                __retarget_lock_release_recursive
 .text.__register_exitproc
                0x00004d38       0xf4 c:/program files (x86)/atmel/studio/7.0/toolchain/arm/arm-gnu-toolchain/bin/../lib/gcc/arm-none-eabi/6.3.1/../../../../arm-none-eabi/lib/thumb/v6-m\libc.a(lib_a-__atexit.o)
                0x00004d38                __register_exitproc
 *(.glue_7t)
 .glue_7t       0x00004e2c        0x0 linker stubs
 *(.glue_7)
 .glue_7        0x00004e2c        0x0 linker stubs
 *(.rodata .rodata* .gnu.linkonce.r.*)
 .rodata.str1.4
                0x00004e2c      0x254 app.o
                                0x258 (size before relaxing)
 .rodata.str1.4
                0x00005080       0x23 diskio.o
 *fill*         0x000050a3        0x1 
 .rodata.str1.4
                0x000050a4        0xf ff.o
 *fill*         0x000050b3        0x1 
 .rodata.str1.4
                0x000050b4      0x41c SD.o
                                0x41e (size before relaxing)
 .rodata._global_impure_ptr
                0x000054d0        0x4 c:/program files (x86)/atmel/studio/7.0/toolchain/arm/arm-gnu-toolchain/bin/../lib/gcc/arm-none-eabi/6.3.1/../../../../arm-none-eabi/lib/thumb/v6-m\libc.a(lib_a-impure.o)
                0x000054d0                _global_impure_ptr
 *(.ARM.extab* .gnu.linkonce.armextab.*)
                0x000054d4                . = ALIGN (0x4)
 *(.init)
 .init          0x000054d4        0x4 c:/program files (x86)/atmel/studio/7.0/toolchain/arm/arm-gnu-toolchain/bin/../lib/gcc/arm-none-eabi/6.3.1/thumb/v6-m/crti.o
                0x000054d4                _init
 .init          0x000054d8        0x8 c:/program files (x86)/atmel/studio/7.0/toolchain/arm/arm-gnu-toolchain/bin/../lib/gcc/arm-none-eabi/6.3.1/thumb/v6-m/crtn.o
                0x000054e0                . = ALIGN (0x4)
                0x000054e0                __preinit_array_start = .
 *(.preinit_array)
                0x000054e0                __preinit_array_end = .
                0x000054e0                . = ALIGN (0x4)
                0x000054e0                __init_array_start = .
 *(SORT(.init_array.*))
 .init_array.00000
                0x000054e0        0x4 c:/program files (x86)/atmel/studio/7.0/toolchain/arm/arm-gnu-toolchain/bin/../lib/gcc/arm-none-eabi/6.3.1/../../../../arm-none-eabi/lib/thumb/v6-m\libc.a(lib_a-__call_atexit.o)
 *(.init_array)
 .init_array    0x000054e4        0x4 c:/program files (x86)/atmel/studio/7.0/toolchain/arm/arm-gnu-toolchain/bin/../lib/gcc/arm-none-eabi/6.3.1/thumb/v6-m/crtbegin.o
                0x000054e8                __init_array_end = .
                0x000054e8                . = ALIGN (0x4)
 *crtbegin.o(.ctors)
 *(EXCLUDE_FILE(*crtend.o) .ctors)
 *(SORT(.ctors.*))
 *crtend.o(.ctors)
                0x000054e8                . = ALIGN (0x4)
 *(.fini)
 .fini          0x000054e8        0x4 c:/program files (x86)/atmel/studio/7.0/toolchain/arm/arm-gnu-toolchain/bin/../lib/gcc/arm-none-eabi/6.3.1/thumb/v6-m/crti.o
                0x000054e8                _fini
 .fini          0x000054ec        0x8 c:/program files (x86)/atmel/studio/7.0/toolchain/arm/arm-gnu-toolchain/bin/../lib/gcc/arm-none-eabi/6.3.1/thumb/v6-m/crtn.o
                0x000054f4                . = ALIGN (0x4)
                0x000054f4                __fini_array_start = .
 *(.fini_array)
 .fini_array    0x000054f4        0x4 c:/program files (x86)/atmel/studio/7.0/toolchain/arm/arm-gnu-toolchain/bin/../lib/gcc/arm-none-eabi/6.3.1/thumb/v6-m/crtbegin.o
 *(SORT(.fini_array.*))
                0x000054f8                __fini_array_end = .
 *crtbegin.o(.dtors)
 *(EXCLUDE_FILE(*crtend.o) .dtors)
 *(SORT(.dtors.*))
 *crtend.o(.dtors)
                0x000054f8                . = ALIGN (0x4)
                0x000054f8                _efixed = .
                [!provide]                PROVIDE (__exidx_start, .)

.vfp11_veneer   0x000054f8        0x0
 .vfp11_veneer  0x000054f8        0x0 linker stubs

.v4_bx          0x000054f8        0x0
 .v4_bx         0x000054f8        0x0 linker stubs

.iplt           0x000054f8        0x0
 .iplt          0x000054f8        0x0 c:/program files (x86)/atmel/studio/7.0/toolchain/arm/arm-gnu-toolchain/bin/../lib/gcc/arm-none-eabi/6.3.1/thumb/v6-m/crtbegin.o

.ARM.exidx      0x000054f8        0x8
 *(.ARM.exidx* .gnu.linkonce.armexidx.*)
 .ARM.exidx     0x000054f8        0x8 c:/program files (x86)/atmel/studio/7.0/toolchain/arm/arm-gnu-toolchain/bin/../lib/gcc/arm-none-eabi/6.3.1/thumb/v6-m\libgcc.a(_udivmoddi4.o)
                [!provide]                PROVIDE (__exidx_end, .)

.eh_frame       0x00005500        0x0
 .eh_frame      0x00005500        0x0 c:/program files (x86)/atmel/studio/7.0/toolchain/arm/arm-gnu-toolchain/bin/../lib/gcc/arm-none-eabi/6.3.1/thumb/v6-m/crtbegin.o

.rel.dyn        0x00005500        0x0
 .rel.iplt      0x00005500        0x0 c:/program files (x86)/atmel/studio/7.0/toolchain/arm/arm-gnu-toolchain/bin/../lib/gcc/arm-none-eabi/6.3.1/thumb/v6-m/crtbegin.o

.jcr            0x00005500        0x0
 .jcr           0x00005500        0x0 c:/program files (x86)/atmel/studio/7.0/toolchain/arm/arm-gnu-toolchain/bin/../lib/gcc/arm-none-eabi/6.3.1/thumb/v6-m/crtbegin.o

.igot.plt       0x00005500        0x0
 .igot.plt      0x00005500        0x0 c:/program files (x86)/atmel/studio/7.0/toolchain/arm/arm-gnu-toolchain/bin/../lib/gcc/arm-none-eabi/6.3.1/thumb/v6-m/crtbegin.o
                0x00005500                . = ALIGN (0x4)
                0x00005500                _etext = .

.relocate       0x20000000      0x43c load address 0x00005500
                0x20000000                . = ALIGN (0x4)
                0x20000000                _srelocate = .
 *(.ramfunc .ramfunc.*)
 *(.data .data.*)
 .data          0x20000000        0xc app.o
                0x20000000                data_file
 *fill*         0x2000000c        0x4 
 .data.impure_data
                0x20000010      0x428 c:/program files (x86)/atmel/studio/7.0/toolchain/arm/arm-gnu-toolchain/bin/../lib/gcc/arm-none-eabi/6.3.1/../../../../arm-none-eabi/lib/thumb/v6-m\libc.a(lib_a-impure.o)
 .data.__atexit_recursive_mutex
                0x20000438        0x4 c:/program files (x86)/atmel/studio/7.0/toolchain/arm/arm-gnu-toolchain/bin/../lib/gcc/arm-none-eabi/6.3.1/../../../../arm-none-eabi/lib/thumb/v6-m\libc.a(lib_a-__call_atexit.o)
                0x20000438                __atexit_recursive_mutex
                0x2000043c                . = ALIGN (0x4)
                0x2000043c                _erelocate = .

.bss            0x2000043c      0x6b0 load address 0x0000593c
                0x2000043c                . = ALIGN (0x4)
                0x2000043c                _sbss = .
                0x2000043c                _szero = .
 *(.bss .bss.*)
 .bss           0x2000043c       0x1c c:/program files (x86)/atmel/studio/7.0/toolchain/arm/arm-gnu-toolchain/bin/../lib/gcc/arm-none-eabi/6.3.1/thumb/v6-m/crtbegin.o
 .bss           0x20000458        0x6 ff.o
 .bss           0x2000045e        0xe SD.o
                0x2000045e                lvar
                0x2000045f                tmp_0
                0x20000460                tmp_8
                0x20000461                tmp_55
                0x20000462                tmp_41
                0x20000463                tmp_58
                0x20000464                SD_Type
                0x20000465                tmp17
                0x20000466                tmp_24
                0x20000467                tmp17_2
                0x20000468                tmpAMD
                0x20000469                tmp_16
                0x2000046a                tmp_9
                0x2000046b                tmp_1
 *(COMMON)
 COMMON         0x2000046c      0x45c app.o
                0x2000046c                fs
                0x2000069c                FR
                0x200006a0                bw
                0x200006a4                fil
 COMMON         0x200008c8      0x200 SD.o
                0x200008c8                dataBuff
 COMMON         0x20000ac8       0x21 c:/program files (x86)/atmel/studio/7.0/toolchain/arm/arm-gnu-toolchain/bin/../lib/gcc/arm-none-eabi/6.3.1/../../../../arm-none-eabi/lib/thumb/v6-m\libc.a(lib_a-lock.o)
                0x20000ac8                __lock___atexit_recursive_mutex
                0x20000acc                __lock___arc4random_mutex
                0x20000ad0                __lock___env_recursive_mutex
                0x20000ad4                __lock___sinit_recursive_mutex
                0x20000ad8                __lock___malloc_recursive_mutex
                0x20000adc                __lock___at_quick_exit_mutex
                0x20000ae0                __lock___dd_hash_mutex
                0x20000ae4                __lock___tz_mutex
                0x20000ae8                __lock___sfp_recursive_mutex
                0x20000aec                . = ALIGN (0x4)
 *fill*         0x20000ae9        0x3 
                0x20000aec                _ebss = .
                0x20000aec                _ezero = .

.stack          0x20000aec     0x2004 load address 0x00005fec
                0x20000af0                . = ALIGN (0x8)
 *fill*         0x20000aec        0x4 
                0x20000af0                _sstack = .
                0x20002af0                . = (. + STACK_SIZE)
 *fill*         0x20000af0     0x2000 
                0x20002af0                . = ALIGN (0x8)
                0x20002af0                _estack = .
                0x20002af0                . = ALIGN (0x4)
                0x20002af0                _end = .
OUTPUT(SD Card.elf elf32-littlearm)

.ARM.attributes
                0x00000000       0x28
 .ARM.attributes
                0x00000000       0x1e c:/program files (x86)/atmel/studio/7.0/toolchain/arm/arm-gnu-toolchain/bin/../lib/gcc/arm-none-eabi/6.3.1/thumb/v6-m/crti.o
 .ARM.attributes
                0x0000001e       0x2c c:/program files (x86)/atmel/studio/7.0/toolchain/arm/arm-gnu-toolchain/bin/../lib/gcc/arm-none-eabi/6.3.1/thumb/v6-m/crtbegin.o
 .ARM.attributes
                0x0000004a       0x32 app.o
 .ARM.attributes
                0x0000007c       0x32 clock.o
 .ARM.attributes
                0x000000ae       0x32 delay.o
 .ARM.attributes
                0x000000e0       0x32 Device_Startup/startup_samd21.o
 .ARM.attributes
                0x00000112       0x32 diskio.o
 .ARM.attributes
                0x00000144       0x32 ff.o
 .ARM.attributes
                0x00000176       0x32 main.o
 .ARM.attributes
                0x000001a8       0x32 SD.o
 .ARM.attributes
                0x000001da       0x32 SPI.o
 .ARM.attributes
                0x0000020c       0x32 USART3.o
 .ARM.attributes
                0x0000023e       0x1e c:/program files (x86)/atmel/studio/7.0/toolchain/arm/arm-gnu-toolchain/bin/../lib/gcc/arm-none-eabi/6.3.1/thumb/v6-m\libgcc.a(_udivsi3.o)
 .ARM.attributes
                0x0000025c       0x1e c:/program files (x86)/atmel/studio/7.0/toolchain/arm/arm-gnu-toolchain/bin/../lib/gcc/arm-none-eabi/6.3.1/thumb/v6-m\libgcc.a(_divsi3.o)
 .ARM.attributes
                0x0000027a       0x1e c:/program files (x86)/atmel/studio/7.0/toolchain/arm/arm-gnu-toolchain/bin/../lib/gcc/arm-none-eabi/6.3.1/thumb/v6-m\libgcc.a(_dvmd_tls.o)
 .ARM.attributes
                0x00000298       0x1e c:/program files (x86)/atmel/studio/7.0/toolchain/arm/arm-gnu-toolchain/bin/../lib/gcc/arm-none-eabi/6.3.1/thumb/v6-m\libgcc.a(_aeabi_uldivmod.o)
 .ARM.attributes
                0x000002b6       0x2c c:/program files (x86)/atmel/studio/7.0/toolchain/arm/arm-gnu-toolchain/bin/../lib/gcc/arm-none-eabi/6.3.1/thumb/v6-m\libgcc.a(_udivmoddi4.o)
 .ARM.attributes
                0x000002e2       0x1e c:/program files (x86)/atmel/studio/7.0/toolchain/arm/arm-gnu-toolchain/bin/../lib/gcc/arm-none-eabi/6.3.1/thumb/v6-m\libgcc.a(_clzdi2.o)
 .ARM.attributes
                0x00000300       0x1e c:/program files (x86)/atmel/studio/7.0/toolchain/arm/arm-gnu-toolchain/bin/../lib/gcc/arm-none-eabi/6.3.1/thumb/v6-m\libgcc.a(_clzsi2.o)
 .ARM.attributes
                0x0000031e       0x2c c:/program files (x86)/atmel/studio/7.0/toolchain/arm/arm-gnu-toolchain/bin/../lib/gcc/arm-none-eabi/6.3.1/../../../../arm-none-eabi/lib/thumb/v6-m\libc.a(lib_a-impure.o)
 .ARM.attributes
                0x0000034a       0x2c c:/program files (x86)/atmel/studio/7.0/toolchain/arm/arm-gnu-toolchain/bin/../lib/gcc/arm-none-eabi/6.3.1/../../../../arm-none-eabi/lib/thumb/v6-m\libc.a(lib_a-init.o)
 .ARM.attributes
                0x00000376       0x2c c:/program files (x86)/atmel/studio/7.0/toolchain/arm/arm-gnu-toolchain/bin/../lib/gcc/arm-none-eabi/6.3.1/../../../../arm-none-eabi/lib/thumb/v6-m\libc.a(lib_a-__call_atexit.o)
 .ARM.attributes
                0x000003a2       0x2c c:/program files (x86)/atmel/studio/7.0/toolchain/arm/arm-gnu-toolchain/bin/../lib/gcc/arm-none-eabi/6.3.1/../../../../arm-none-eabi/lib/thumb/v6-m\libc.a(lib_a-atexit.o)
 .ARM.attributes
                0x000003ce       0x2c c:/program files (x86)/atmel/studio/7.0/toolchain/arm/arm-gnu-toolchain/bin/../lib/gcc/arm-none-eabi/6.3.1/../../../../arm-none-eabi/lib/thumb/v6-m\libc.a(lib_a-fini.o)
 .ARM.attributes
                0x000003fa       0x2c c:/program files (x86)/atmel/studio/7.0/toolchain/arm/arm-gnu-toolchain/bin/../lib/gcc/arm-none-eabi/6.3.1/../../../../arm-none-eabi/lib/thumb/v6-m\libc.a(lib_a-lock.o)
 .ARM.attributes
                0x00000426       0x2c c:/program files (x86)/atmel/studio/7.0/toolchain/arm/arm-gnu-toolchain/bin/../lib/gcc/arm-none-eabi/6.3.1/../../../../arm-none-eabi/lib/thumb/v6-m\libc.a(lib_a-__atexit.o)
 .ARM.attributes
                0x00000452       0x1e c:/program files (x86)/atmel/studio/7.0/toolchain/arm/arm-gnu-toolchain/bin/../lib/gcc/arm-none-eabi/6.3.1/thumb/v6-m/crtn.o

.comment        0x00000000       0x59
 .comment       0x00000000       0x59 app.o
                                 0x5a (size before relaxing)
 .comment       0x00000059       0x5a clock.o
 .comment       0x00000059       0x5a delay.o
 .comment       0x00000059       0x5a Device_Startup/startup_samd21.o
 .comment       0x00000059       0x5a diskio.o
 .comment       0x00000059       0x5a ff.o
 .comment       0x00000059       0x5a main.o
 .comment       0x00000059       0x5a SD.o
 .comment       0x00000059       0x5a SPI.o
 .comment       0x00000059       0x5a USART3.o

.debug_info     0x00000000    0x115ab
 .debug_info    0x00000000      0x761 app.o
 .debug_info    0x00000761     0x279a clock.o
 .debug_info    0x00002efb       0x5a delay.o
 .debug_info    0x00002f55     0x3a2c Device_Startup/startup_samd21.o
 .debug_info    0x00006981      0x51b diskio.o
 .debug_info    0x00006e9c     0x2d44 ff.o
 .debug_info    0x00009be0       0xe9 main.o
 .debug_info    0x00009cc9     0x20bb SD.o
 .debug_info    0x0000bd84     0x301f SPI.o
 .debug_info    0x0000eda3     0x2808 USART3.o

.debug_abbrev   0x00000000     0x11f5
 .debug_abbrev  0x00000000      0x154 app.o
 .debug_abbrev  0x00000154      0x188 clock.o
 .debug_abbrev  0x000002dc       0x4d delay.o
 .debug_abbrev  0x00000329      0x227 Device_Startup/startup_samd21.o
 .debug_abbrev  0x00000550      0x186 diskio.o
 .debug_abbrev  0x000006d6      0x296 ff.o
 .debug_abbrev  0x0000096c       0x86 main.o
 .debug_abbrev  0x000009f2      0x3b2 SD.o
 .debug_abbrev  0x00000da4      0x245 SPI.o
 .debug_abbrev  0x00000fe9      0x20c USART3.o

.debug_loc      0x00000000     0x56c6
 .debug_loc     0x00000000       0x4d app.o
 .debug_loc     0x0000004d       0x68 clock.o
 .debug_loc     0x000000b5       0x78 Device_Startup/startup_samd21.o
 .debug_loc     0x0000012d      0x63c diskio.o
 .debug_loc     0x00000769     0x45bd ff.o
 .debug_loc     0x00004d26       0x20 main.o
 .debug_loc     0x00004d46      0x7f1 SD.o
 .debug_loc     0x00005537       0xc2 SPI.o
 .debug_loc     0x000055f9       0xcd USART3.o

.debug_aranges  0x00000000      0x3a8
 .debug_aranges
                0x00000000       0x28 app.o
 .debug_aranges
                0x00000028       0x20 clock.o
 .debug_aranges
                0x00000048       0x20 delay.o
 .debug_aranges
                0x00000068       0x28 Device_Startup/startup_samd21.o
 .debug_aranges
                0x00000090       0x48 diskio.o
 .debug_aranges
                0x000000d8      0x1b0 ff.o
 .debug_aranges
                0x00000288       0x20 main.o
 .debug_aranges
                0x000002a8       0x80 SD.o
 .debug_aranges
                0x00000328       0x40 SPI.o
 .debug_aranges
                0x00000368       0x40 USART3.o

.debug_ranges   0x00000000      0x320
 .debug_ranges  0x00000000       0x18 app.o
 .debug_ranges  0x00000018       0x10 clock.o
 .debug_ranges  0x00000028       0x10 delay.o
 .debug_ranges  0x00000038       0x18 Device_Startup/startup_samd21.o
 .debug_ranges  0x00000050       0x38 diskio.o
 .debug_ranges  0x00000088      0x1a0 ff.o
 .debug_ranges  0x00000228       0x10 main.o
 .debug_ranges  0x00000238       0x88 SD.o
 .debug_ranges  0x000002c0       0x30 SPI.o
 .debug_ranges  0x000002f0       0x30 USART3.o

.debug_macro    0x00000000    0x13643
 .debug_macro   0x00000000      0x3a1 app.o
 .debug_macro   0x000003a1      0x89e app.o
 .debug_macro   0x00000c3f       0x22 app.o
 .debug_macro   0x00000c61       0x87 app.o
 .debug_macro   0x00000ce8       0x51 app.o
 .debug_macro   0x00000d39       0xef app.o
 .debug_macro   0x00000e28       0x6a app.o
 .debug_macro   0x00000e92      0x1df app.o
 .debug_macro   0x00001071       0x39 app.o
 .debug_macro   0x000010aa       0x1c app.o
 .debug_macro   0x000010c6       0x22 app.o
 .debug_macro   0x000010e8       0xb5 app.o
 .debug_macro   0x0000119d      0x3ad app.o
 .debug_macro   0x0000154a      0x67e app.o
 .debug_macro   0x00001bc8      0x8b1 app.o
 .debug_macro   0x00002479      0x22e app.o
 .debug_macro   0x000026a7      0xd5c app.o
 .debug_macro   0x00003403      0x4dc app.o
 .debug_macro   0x000038df      0x9f6 app.o
 .debug_macro   0x000042d5      0x82b app.o
 .debug_macro   0x00004b00      0x45f app.o
 .debug_macro   0x00004f5f       0x5e app.o
 .debug_macro   0x00004fbd      0x8f9 app.o
 .debug_macro   0x000058b6      0x21c app.o
 .debug_macro   0x00005ad2      0x735 app.o
 .debug_macro   0x00006207       0x5e app.o
 .debug_macro   0x00006265      0x632 app.o
 .debug_macro   0x00006897      0x3ac app.o
 .debug_macro   0x00006c43      0xc76 app.o
 .debug_macro   0x000078b9     0x1092 app.o
 .debug_macro   0x0000894b      0xc4a app.o
 .debug_macro   0x00009595      0x6ba app.o
 .debug_macro   0x00009c4f     0x1b3d app.o
 .debug_macro   0x0000b78c     0x143c app.o
 .debug_macro   0x0000cbc8      0x340 app.o
 .debug_macro   0x0000cf08       0x7c app.o
 .debug_macro   0x0000cf84       0xa0 app.o
 .debug_macro   0x0000d024       0x4c app.o
 .debug_macro   0x0000d070       0xca app.o
 .debug_macro   0x0000d13a       0x94 app.o
 .debug_macro   0x0000d1ce       0x58 app.o
 .debug_macro   0x0000d226      0x341 app.o
 .debug_macro   0x0000d567       0x82 app.o
 .debug_macro   0x0000d5e9      0x189 app.o
 .debug_macro   0x0000d772       0xb8 app.o
 .debug_macro   0x0000d82a       0xa0 app.o
 .debug_macro   0x0000d8ca       0xb2 app.o
 .debug_macro   0x0000d97c       0x1c app.o
 .debug_macro   0x0000d998       0x1c app.o
 .debug_macro   0x0000d9b4       0x1c app.o
 .debug_macro   0x0000d9d0       0x7c app.o
 .debug_macro   0x0000da4c      0x15a app.o
 .debug_macro   0x0000dba6       0x10 app.o
 .debug_macro   0x0000dbb6       0xdc app.o
 .debug_macro   0x0000dc92      0x124 app.o
 .debug_macro   0x0000ddb6      0x124 app.o
 .debug_macro   0x0000deda      0x124 app.o
 .debug_macro   0x0000dffe      0x124 app.o
 .debug_macro   0x0000e122      0x124 app.o
 .debug_macro   0x0000e246      0x124 app.o
 .debug_macro   0x0000e36a      0x124 app.o
 .debug_macro   0x0000e48e       0xe2 app.o
 .debug_macro   0x0000e570       0xe2 app.o
 .debug_macro   0x0000e652       0xe2 app.o
 .debug_macro   0x0000e734       0xe2 app.o
 .debug_macro   0x0000e816       0xe2 app.o
 .debug_macro   0x0000e8f8      0x12a app.o
 .debug_macro   0x0000ea22      0x100 app.o
 .debug_macro   0x0000eb22       0xf4 app.o
 .debug_macro   0x0000ec16      0x40f app.o
 .debug_macro   0x0000f025       0x40 app.o
 .debug_macro   0x0000f065      0x392 app.o
 .debug_macro   0x0000f3f7     0x1650 app.o
 .debug_macro   0x00010a47       0x6d app.o
 .debug_macro   0x00010ab4       0x64 app.o
 .debug_macro   0x00010b18       0x82 app.o
 .debug_macro   0x00010b9a       0x22 app.o
 .debug_macro   0x00010bbc       0x40 app.o
 .debug_macro   0x00010bfc       0x16 app.o
 .debug_macro   0x00010c12       0x7c app.o
 .debug_macro   0x00010c8e       0xdc app.o
 .debug_macro   0x00010d6a       0xf5 app.o
 .debug_macro   0x00010e5f      0x323 clock.o
 .debug_macro   0x00011182       0x1a delay.o
 .debug_macro   0x0001119c      0x310 Device_Startup/startup_samd21.o
 .debug_macro   0x000114ac      0x382 diskio.o
 .debug_macro   0x0001182e      0x2a1 ff.o
 .debug_macro   0x00011acf       0x8e ff.o
 .debug_macro   0x00011b5d       0x58 ff.o
 .debug_macro   0x00011bb5      0x322 main.o
 .debug_macro   0x00011ed7       0x10 main.o
 .debug_macro   0x00011ee7      0x4ce SD.o
 .debug_macro   0x000123b5       0x58 SD.o
 .debug_macro   0x0001240d       0x35 SD.o
 .debug_macro   0x00012442       0x9c SD.o
 .debug_macro   0x000124de       0x16 SD.o
 .debug_macro   0x000124f4       0x97 SD.o
 .debug_macro   0x0001258b      0x34d SD.o
 .debug_macro   0x000128d8       0xf6 SD.o
 .debug_macro   0x000129ce       0x10 SD.o
 .debug_macro   0x000129de       0x58 SD.o
 .debug_macro   0x00012a36       0x1f SD.o
 .debug_macro   0x00012a55       0x43 SD.o
 .debug_macro   0x00012a98       0x20 SD.o
 .debug_macro   0x00012ab8      0x187 SD.o
 .debug_macro   0x00012c3f       0x10 SD.o
 .debug_macro   0x00012c4f       0x1c SD.o
 .debug_macro   0x00012c6b       0x52 SD.o
 .debug_macro   0x00012cbd       0x40 SD.o
 .debug_macro   0x00012cfd       0x10 SD.o
 .debug_macro   0x00012d0d       0x40 SD.o
 .debug_macro   0x00012d4d       0xd7 SD.o
 .debug_macro   0x00012e24       0x16 SD.o
 .debug_macro   0x00012e3a      0x18b SD.o
 .debug_macro   0x00012fc5      0x333 SPI.o
 .debug_macro   0x000132f8      0x34b USART3.o

.debug_line     0x00000000     0x4caf
 .debug_line    0x00000000      0x787 app.o
 .debug_line    0x00000787      0x73a clock.o
 .debug_line    0x00000ec1       0x49 delay.o
 .debug_line    0x00000f0a      0x70e Device_Startup/startup_samd21.o
 .debug_line    0x00001618      0x7e8 diskio.o
 .debug_line    0x00001e00      0xd79 ff.o
 .debug_line    0x00002b79      0x6eb main.o
 .debug_line    0x00003264      0xb21 SD.o
 .debug_line    0x00003d85      0x7ad SPI.o
 .debug_line    0x00004532      0x77d USART3.o

.debug_str      0x00000000    0x749fe
 .debug_str     0x00000000    0x6dd1a app.o
                              0x6e059 (size before relaxing)
 .debug_str     0x0006dd1a      0xa00 clock.o
                              0x6dd56 (size before relaxing)
 .debug_str     0x0006e71a        0xd delay.o
                               0x2764 (size before relaxing)
 .debug_str     0x0006e727      0xf43 Device_Startup/startup_samd21.o
                              0x6e2e2 (size before relaxing)
 .debug_str     0x0006f66a      0x17f diskio.o
                              0x6d9a4 (size before relaxing)
 .debug_str     0x0006f7e9      0x9be ff.o
                               0x398e (size before relaxing)
 .debug_str     0x000701a7        0xc main.o
                              0x6d2f2 (size before relaxing)
 .debug_str     0x000701b3     0x41f7 SD.o
                              0x71c12 (size before relaxing)
 .debug_str     0x000743aa      0x603 SPI.o
                              0x6de76 (size before relaxing)
 .debug_str     0x000749ad       0x51 USART3.o
                              0x6dee1 (size before relaxing)

.debug_frame    0x00000000      0xc68
 .debug_frame   0x00000000       0x44 app.o
 .debug_frame   0x00000044       0x2c clock.o
 .debug_frame   0x00000070       0x20 delay.o
 .debug_frame   0x00000090       0x40 Device_Startup/startup_samd21.o
 .debug_frame   0x000000d0       0x9c diskio.o
 .debug_frame   0x0000016c      0x620 ff.o
 .debug_frame   0x0000078c       0x28 main.o
 .debug_frame   0x000007b4      0x180 SD.o
 .debug_frame   0x00000934       0x80 SPI.o
 .debug_frame   0x000009b4       0x78 USART3.o
 .debug_frame   0x00000a2c       0x20 c:/program files (x86)/atmel/studio/7.0/toolchain/arm/arm-gnu-toolchain/bin/../lib/gcc/arm-none-eabi/6.3.1/thumb/v6-m\libgcc.a(_udivsi3.o)
 .debug_frame   0x00000a4c       0x20 c:/program files (x86)/atmel/studio/7.0/toolchain/arm/arm-gnu-toolchain/bin/../lib/gcc/arm-none-eabi/6.3.1/thumb/v6-m\libgcc.a(_divsi3.o)
 .debug_frame   0x00000a6c       0x3c c:/program files (x86)/atmel/studio/7.0/toolchain/arm/arm-gnu-toolchain/bin/../lib/gcc/arm-none-eabi/6.3.1/thumb/v6-m\libgcc.a(_udivmoddi4.o)
 .debug_frame   0x00000aa8       0x2c c:/program files (x86)/atmel/studio/7.0/toolchain/arm/arm-gnu-toolchain/bin/../lib/gcc/arm-none-eabi/6.3.1/../../../../arm-none-eabi/lib/thumb/v6-m\libc.a(lib_a-init.o)
 .debug_frame   0x00000ad4       0x54 c:/program files (x86)/atmel/studio/7.0/toolchain/arm/arm-gnu-toolchain/bin/../lib/gcc/arm-none-eabi/6.3.1/../../../../arm-none-eabi/lib/thumb/v6-m\libc.a(lib_a-__call_atexit.o)
 .debug_frame   0x00000b28       0x28 c:/program files (x86)/atmel/studio/7.0/toolchain/arm/arm-gnu-toolchain/bin/../lib/gcc/arm-none-eabi/6.3.1/../../../../arm-none-eabi/lib/thumb/v6-m\libc.a(lib_a-atexit.o)
 .debug_frame   0x00000b50       0x2c c:/program files (x86)/atmel/studio/7.0/toolchain/arm/arm-gnu-toolchain/bin/../lib/gcc/arm-none-eabi/6.3.1/../../../../arm-none-eabi/lib/thumb/v6-m\libc.a(lib_a-fini.o)
 .debug_frame   0x00000b7c       0xb0 c:/program files (x86)/atmel/studio/7.0/toolchain/arm/arm-gnu-toolchain/bin/../lib/gcc/arm-none-eabi/6.3.1/../../../../arm-none-eabi/lib/thumb/v6-m\libc.a(lib_a-lock.o)
 .debug_frame   0x00000c2c       0x3c c:/program files (x86)/atmel/studio/7.0/toolchain/arm/arm-gnu-toolchain/bin/../lib/gcc/arm-none-eabi/6.3.1/../../../../arm-none-eabi/lib/thumb/v6-m\libc.a(lib_a-__atexit.o)
